<?xml version="1.0" encoding="utf-8"?>
<Tests>
	<edtdocversion branch="retail" build="50727" revision="42" />
	<TestRun type="Microsoft.VisualStudio.TestTools.Common.TestRun">
		<id type="System.Guid">c7c27749-4669-47e8-8203-a8ae8c83c4c4</id>
		<name type="System.String">rmpablos@RIDOPC 2006-05-17 11:54:24</name>
		<runUser type="System.String">EUROPE\rmpablos</runUser>
		<runConfig type="Microsoft.VisualStudio.TestTools.Common.TestRunConfiguration">
			<id type="Microsoft.VisualStudio.TestTools.Common.TestRunConfigurationId">
				<id type="System.Guid">5306ab29-3926-49b0-b02e-fb906a30c6c8</id>
			</id>
			<name type="System.String">Local Test Run</name>
			<description type="System.String">This is a default test run configuration for a local test run.</description>
			<isCodeCoverageEnabled type="System.Boolean">False</isCodeCoverageEnabled>
			<codeCoverageItems type="System.Collections.Generic.List`1[[Microsoft.VisualStudio.TestTools.Common.CodeCoverageItem, Microsoft.VisualStudio.QualityTools.Common, Version=8.0.0.0, Culture=neutral, PublicKeyToken=b03f5f7f11d50a3a]]">
				<_size type="System.Int32">0</_size>
				<_version type="System.Int32">0</_version>
			</codeCoverageItems>
			<codeCoverageKeyFile type="System.String" />
			<aspNetProjectCoverageItems type="System.Collections.Generic.List`1[[Microsoft.VisualStudio.TestTools.Common.AspNetProjectItem, Microsoft.VisualStudio.QualityTools.Common, Version=8.0.0.0, Culture=neutral, PublicKeyToken=b03f5f7f11d50a3a]]">
				<_size type="System.Int32">0</_size>
				<_version type="System.Int32">0</_version>
			</aspNetProjectCoverageItems>
			<isExecutedRemotely type="System.Boolean">False</isExecutedRemotely>
			<bucketSize type="System.Int32">200</bucketSize>
			<bucketThreshold type="System.Int32">1000</bucketThreshold>
			<runTimeout type="System.Int32">0</runTimeout>
			<testTimeout type="System.Int32">300000</testTimeout>
			<agentNotRespondingTimeout type="System.Int32">300000</agentNotRespondingTimeout>
			<deploymentTimeout type="System.Int32">300000</deploymentTimeout>
			<controllerName type="System.String" />
			<plugins type="System.Collections.Generic.List`1[[System.String, mscorlib, Version=2.0.0.0, Culture=neutral, PublicKeyToken=b77a5c561934e089]]">
				<_items type="System.String[]">
					<element type="System.String">Microsoft.VisualStudio.TestTools.HostAdapters.AspNetPlugin, Microsoft.VisualStudio.QualityTools.HostAdapters.ASPNETAgent, Version=8.0.0.0, PublicKeyToken=b03f5f7f11d50a3a</element>
					<element />
					<element />
					<element />
				</_items>
				<_size type="System.Int32">1</_size>
				<_version type="System.Int32">1</_version>
			</plugins>
			<testTypeSpecificData type="System.Collections.Generic.Dictionary`2[[Microsoft.VisualStudio.TestTools.Common.TestType, Microsoft.VisualStudio.QualityTools.Common, Version=8.0.0.0, Culture=neutral, PublicKeyToken=b03f5f7f11d50a3a],[Microsoft.VisualStudio.TestTools.Common.ITestTypeSpecificRunConfigurationData, Microsoft.VisualStudio.QualityTools.Common, Version=8.0.0.0, Culture=neutral, PublicKeyToken=b03f5f7f11d50a3a]]">
				<count type="System.Int32">0</count>
				<version type="System.Int32">0</version>
				<freeList type="System.Int32">0</freeList>
				<freeCount type="System.Int32">0</freeCount>
				<comparer type="System.Collections.Generic.ObjectEqualityComparer`1[[Microsoft.VisualStudio.TestTools.Common.TestType, Microsoft.VisualStudio.QualityTools.Common, Version=8.0.0.0, Culture=neutral, PublicKeyToken=b03f5f7f11d50a3a]]" />
			</testTypeSpecificData>
			<userDeploymentRoot type="System.String" />
			<useDefaultDeploymentRoot type="System.Boolean">True</useDefaultDeploymentRoot>
			<runDeploymentRoot type="System.String">D:\rido\RidoCode\TRXReport\test\rmpablos_RIDOPC 2006-05-17 11_54_24</runDeploymentRoot>
			<deploymentItems type="Microsoft.VisualStudio.TestTools.Common.DeploymentItemCollection">
				<m_container type="System.Collections.Hashtable">
					<key type="Microsoft.VisualStudio.TestTools.Common.DeploymentItem">
						<path type="System.String">D:\rido\RidoSpikes\RidoWebSolution\RidoWeb.Test\bin\Debug\RidoWeb.Test.dll</path>
						<outputDirectory type="System.String" />
					</key>
					<value />
					<key type="Microsoft.VisualStudio.TestTools.Common.DeploymentItem">
						<path type="System.String">D:\rido\RidoSpikes\RidoWebSolution\RidoWebDal\bin\Debug\RidoWebDal.dll</path>
						<outputDirectory type="System.String" />
					</key>
					<value />
				</m_container>
			</deploymentItems>
			<testRunNamingScheme type="Microsoft.VisualStudio.TestTools.Common.TestRunNamingScheme">
				<appendTimeStamp type="System.Boolean">True</appendTimeStamp>
				<useDefault type="System.Boolean">True</useDefault>
			</testRunNamingScheme>
			<setupCommand type="System.String" />
			<cleanupCommand type="System.String" />
			<abortRunOnError type="System.Boolean">False</abortRunOnError>
			<mapIPAddresses type="System.Boolean">False</mapIPAddresses>
			<agentProperties type="System.Collections.Specialized.StringDictionary, System, Version=2.0.0.0, Culture=neutral, PublicKeyToken=b77a5c561934e089" />
			<hostData type="Microsoft.VisualStudio.TestTools.Common.HostRunConfigurationData">
				<mapHostSpecificData type="System.Collections.Generic.Dictionary`2[[System.String, mscorlib, Version=2.0.0.0, Culture=neutral, PublicKeyToken=b77a5c561934e089],[Microsoft.VisualStudio.TestTools.Common.IHostSpecificRunConfigurationData, Microsoft.VisualStudio.QualityTools.Common, Version=8.0.0.0, Culture=neutral, PublicKeyToken=b03f5f7f11d50a3a]]">
					<count type="System.Int32">0</count>
					<version type="System.Int32">0</version>
					<freeList type="System.Int32">0</freeList>
					<freeCount type="System.Int32">0</freeCount>
					<comparer type="System.Collections.Generic.GenericEqualityComparer`1[[System.String, mscorlib, Version=2.0.0.0, Culture=neutral, PublicKeyToken=b77a5c561934e089]]" />
				</mapHostSpecificData>
			</hostData>
			<ignoredDependentAssemblies type="System.String" />
			<apartmentState type="System.Threading.ApartmentState">
				<value__ type="System.Int32">0</value__>
			</apartmentState>
		</runConfig>
		<result type="Microsoft.VisualStudio.TestTools.Common.RunResultAndStatistics">
			<runInfoList type="System.Collections.Generic.List`1[[Microsoft.VisualStudio.TestTools.Common.RunInfo, Microsoft.VisualStudio.QualityTools.Common, Version=8.0.0.0, Culture=neutral, PublicKeyToken=b03f5f7f11d50a3a]]">
				<_size type="System.Int32">0</_size>
				<_version type="System.Int32">0</_version>
			</runInfoList>
			<totalTestCount type="System.Int32">3</totalTestCount>
			<executedTestCount type="System.Int32">3</executedTestCount>
			<passedTestCount type="System.Int32">1</passedTestCount>
			<stdout type="System.String" />
			<stderr type="System.String" />
			<debugTrace type="System.String" />
			<outcome type="Microsoft.VisualStudio.TestTools.Common.TestOutcome">
				<value__ type="System.Int32">1</value__>
			</outcome>
			<counters type="System.Int32">0,2,0,0,0,0,0,0,0,0,1,0,0,0</counters>
			<isPartialRun type="System.Boolean">False</isPartialRun>
		</result>
		<creationTime type="System.DateTime">
			<dateData type="System.UInt64">5244520583070137741</dateData>
		</creationTime>
		<queueingTime type="System.DateTime">
			<dateData type="System.UInt64">5244520583084983486</dateData>
		</queueingTime>
		<startTime type="System.DateTime">
			<dateData type="System.UInt64">5244520583091078055</dateData>
		</startTime>
		<finishTime type="System.DateTime">
			<dateData type="System.UInt64">5244520583136084103</dateData>
		</finishTime>
		<buildFlavor type="System.String">Release</buildFlavor>
		<buildPlatform type="System.String">Any CPU</buildPlatform>
		<tests type="System.Collections.Hashtable">
			<key type="Microsoft.VisualStudio.TestTools.Common.TestId">
				<id type="System.Guid">5a123751-40f8-6169-880d-d20f36ee9202</id>
			</key>
			<value type="Microsoft.VisualStudio.TestTools.TestTypes.Unit.UnitTestElement, Microsoft.VisualStudio.QualityTools.Tips.UnitTest.ObjectModel, Version=8.0.0.0, Culture=neutral, PublicKeyToken=b03f5f7f11d50a3a">
				<codeBase type="System.String">D:\rido\RidoSpikes\RidoWebSolution\RidoWeb.Test\bin\Debug\RidoWeb.Test.dll</codeBase>
				<adapterTypeName type="System.String">Microsoft.VisualStudio.TestTools.TestTypes.Unit.UnitTestAdapter, Microsoft.VisualStudio.QualityTools.Tips.UnitTest.Adapter, Version=8.0.0.0, Culture=neutral, PublicKeyToken=b03f5f7f11d50a3a</adapterTypeName>
				<testMethod type="Microsoft.VisualStudio.TestTools.TestTypes.Unit.TestMethod, Microsoft.VisualStudio.QualityTools.Tips.UnitTest.ObjectModel, Version=8.0.0.0, Culture=neutral, PublicKeyToken=b03f5f7f11d50a3a">
					<className type="System.String">RidoWeb.Test.ArticleStatesTableAdapterTest, RidoWeb.Test</className>
					<name type="System.String">UpdateTest</name>
					<expectedExceptionMessage type="System.String" />
					<isValid type="System.Boolean">False</isValid>
				</testMethod>
				<aspNetDevServers type="System.Collections.Generic.List`1[[Microsoft.VisualStudio.TestTools.Common.AspNetDevelopmentServer, Microsoft.VisualStudio.QualityTools.Common, Version=8.0.0.0, Culture=neutral, PublicKeyToken=b03f5f7f11d50a3a]]">
					<_size type="System.Int32">0</_size>
					<_version type="System.Int32">0</_version>
				</aspNetDevServers>
				<dataAccessMethod type="Microsoft.VisualStudio.TestTools.UnitTesting.DataAccessMethod, Microsoft.VisualStudio.QualityTools.UnitTestFramework, Version=8.0.0.0, Culture=neutral, PublicKeyToken=b03f5f7f11d50a3a">
					<value__ type="System.Int32">0</value__>
				</dataAccessMethod>
				<cssProjectStructure type="System.String" />
				<isRunOnRestart type="System.Boolean">False</isRunOnRestart>
				<timeOut type="System.Int32">0</timeOut>
				<isGroupable type="System.Boolean">True</isGroupable>
				<abortRunOnAgentFailure type="System.Boolean">False</abortRunOnAgentFailure>
				<cssIteration type="System.String" />
				<workItemIds type="System.Collections.Generic.List`1[[System.Int32, mscorlib, Version=2.0.0.0, Culture=neutral, PublicKeyToken=b77a5c561934e089]]">
					<_size type="System.Int32">0</_size>
					<_version type="System.Int32">1</_version>
				</workItemIds>
				<id type="Microsoft.VisualStudio.TestTools.Common.TestId">
					<id type="System.Guid">5a123751-40f8-6169-880d-d20f36ee9202</id>
				</id>
				<name type="System.String">UpdateTest</name>
				<description type="System.String" />
				<enabled type="System.Boolean">True</enabled>
				<owner type="System.String" />
				<priority type="System.Int32">0</priority>
				<executionId type="Microsoft.VisualStudio.TestTools.Common.TestExecId">
					<id type="System.Guid">00000000-0000-0000-0000-000000000000</id>
				</executionId>
				<parentExecutId type="Microsoft.VisualStudio.TestTools.Common.TestExecId">
					<id type="System.Guid">00000000-0000-0000-0000-000000000000</id>
				</parentExecutId>
				<deploymentItems type="Microsoft.VisualStudio.TestTools.Common.DeploymentItemCollection" />
				<agentAttributes type="System.Collections.Specialized.StringDictionary, System, Version=2.0.0.0, Culture=neutral, PublicKeyToken=b77a5c561934e089" />
				<storage type="System.String">d:\rido\ridospikes\ridowebsolution\ridoweb.test\bin\debug\ridoweb.test.dll</storage>
				<projectData type="Microsoft.VisualStudio.TestTools.Common.ProjectData">
					<id type="System.Guid">03f1114c-4f9f-4d20-a454-1497efd4e79c</id>
					<projectName type="System.String">RidoWeb.Test</projectName>
					<solutionName type="System.String">RidoWebSolution</solutionName>
					<projectRelativePath type="System.String">RidoWeb.Test\RidoWeb.Test.csproj</projectRelativePath>
				</projectData>
				<m_nonRunnableReason type="System.String" />
			</value>
			<key type="Microsoft.VisualStudio.TestTools.Common.TestId">
				<id type="System.Guid">0d06ff68-6f84-5b6f-cd5b-3a5e9ae6a819</id>
			</key>
			<value type="Microsoft.VisualStudio.TestTools.TestTypes.Unit.UnitTestElement, Microsoft.VisualStudio.QualityTools.Tips.UnitTest.ObjectModel, Version=8.0.0.0, Culture=neutral, PublicKeyToken=b03f5f7f11d50a3a">
				<codeBase type="System.String">D:\rido\RidoSpikes\RidoWebSolution\RidoWeb.Test\bin\Debug\RidoWeb.Test.dll</codeBase>
				<adapterTypeName type="System.String">Microsoft.VisualStudio.TestTools.TestTypes.Unit.UnitTestAdapter, Microsoft.VisualStudio.QualityTools.Tips.UnitTest.Adapter, Version=8.0.0.0, Culture=neutral, PublicKeyToken=b03f5f7f11d50a3a</adapterTypeName>
				<testMethod type="Microsoft.VisualStudio.TestTools.TestTypes.Unit.TestMethod, Microsoft.VisualStudio.QualityTools.Tips.UnitTest.ObjectModel, Version=8.0.0.0, Culture=neutral, PublicKeyToken=b03f5f7f11d50a3a">
					<className type="System.String">RidoWeb.Test.ArticleStatesTableAdapterTest, RidoWeb.Test</className>
					<name type="System.String">GetDataTest</name>
					<expectedExceptionMessage type="System.String" />
					<isValid type="System.Boolean">False</isValid>
				</testMethod>
				<aspNetDevServers type="System.Collections.Generic.List`1[[Microsoft.VisualStudio.TestTools.Common.AspNetDevelopmentServer, Microsoft.VisualStudio.QualityTools.Common, Version=8.0.0.0, Culture=neutral, PublicKeyToken=b03f5f7f11d50a3a]]">
					<_size type="System.Int32">0</_size>
					<_version type="System.Int32">0</_version>
				</aspNetDevServers>
				<dataAccessMethod type="Microsoft.VisualStudio.TestTools.UnitTesting.DataAccessMethod, Microsoft.VisualStudio.QualityTools.UnitTestFramework, Version=8.0.0.0, Culture=neutral, PublicKeyToken=b03f5f7f11d50a3a">
					<value__ type="System.Int32">0</value__>
				</dataAccessMethod>
				<cssProjectStructure type="System.String" />
				<isRunOnRestart type="System.Boolean">False</isRunOnRestart>
				<timeOut type="System.Int32">0</timeOut>
				<isGroupable type="System.Boolean">True</isGroupable>
				<abortRunOnAgentFailure type="System.Boolean">False</abortRunOnAgentFailure>
				<cssIteration type="System.String" />
				<workItemIds type="System.Collections.Generic.List`1[[System.Int32, mscorlib, Version=2.0.0.0, Culture=neutral, PublicKeyToken=b77a5c561934e089]]">
					<_size type="System.Int32">0</_size>
					<_version type="System.Int32">1</_version>
				</workItemIds>
				<id type="Microsoft.VisualStudio.TestTools.Common.TestId">
					<id type="System.Guid">0d06ff68-6f84-5b6f-cd5b-3a5e9ae6a819</id>
				</id>
				<name type="System.String">GetDataTest</name>
				<description type="System.String" />
				<enabled type="System.Boolean">True</enabled>
				<owner type="System.String" />
				<priority type="System.Int32">0</priority>
				<executionId type="Microsoft.VisualStudio.TestTools.Common.TestExecId">
					<id type="System.Guid">00000000-0000-0000-0000-000000000000</id>
				</executionId>
				<parentExecutId type="Microsoft.VisualStudio.TestTools.Common.TestExecId">
					<id type="System.Guid">00000000-0000-0000-0000-000000000000</id>
				</parentExecutId>
				<deploymentItems type="Microsoft.VisualStudio.TestTools.Common.DeploymentItemCollection" />
				<agentAttributes type="System.Collections.Specialized.StringDictionary, System, Version=2.0.0.0, Culture=neutral, PublicKeyToken=b77a5c561934e089" />
				<storage type="System.String">d:\rido\ridospikes\ridowebsolution\ridoweb.test\bin\debug\ridoweb.test.dll</storage>
				<projectData type="Microsoft.VisualStudio.TestTools.Common.ProjectData">
					<id type="System.Guid">03f1114c-4f9f-4d20-a454-1497efd4e79c</id>
					<projectName type="System.String">RidoWeb.Test</projectName>
					<solutionName type="System.String">RidoWebSolution</solutionName>
					<projectRelativePath type="System.String">RidoWeb.Test\RidoWeb.Test.csproj</projectRelativePath>
				</projectData>
				<m_nonRunnableReason type="System.String" />
			</value>
			<key type="Microsoft.VisualStudio.TestTools.Common.TestId">
				<id type="System.Guid">d2a5e70b-1caf-07ea-8e8b-12690cc08b9c</id>
			</key>
			<value type="Microsoft.VisualStudio.TestTools.TestTypes.Unit.UnitTestElement, Microsoft.VisualStudio.QualityTools.Tips.UnitTest.ObjectModel, Version=8.0.0.0, Culture=neutral, PublicKeyToken=b03f5f7f11d50a3a">
				<codeBase type="System.String">D:\rido\RidoSpikes\RidoWebSolution\RidoWeb.Test\bin\Debug\RidoWeb.Test.dll</codeBase>
				<adapterTypeName type="System.String">Microsoft.VisualStudio.TestTools.TestTypes.Unit.UnitTestAdapter, Microsoft.VisualStudio.QualityTools.Tips.UnitTest.Adapter, Version=8.0.0.0, Culture=neutral, PublicKeyToken=b03f5f7f11d50a3a</adapterTypeName>
				<testMethod type="Microsoft.VisualStudio.TestTools.TestTypes.Unit.TestMethod, Microsoft.VisualStudio.QualityTools.Tips.UnitTest.ObjectModel, Version=8.0.0.0, Culture=neutral, PublicKeyToken=b03f5f7f11d50a3a">
					<className type="System.String">RidoWeb.Test.ArticleStatesTableAdapterTest, RidoWeb.Test</className>
					<name type="System.String">FillTest</name>
					<expectedExceptionMessage type="System.String" />
					<isValid type="System.Boolean">False</isValid>
				</testMethod>
				<aspNetDevServers type="System.Collections.Generic.List`1[[Microsoft.VisualStudio.TestTools.Common.AspNetDevelopmentServer, Microsoft.VisualStudio.QualityTools.Common, Version=8.0.0.0, Culture=neutral, PublicKeyToken=b03f5f7f11d50a3a]]">
					<_size type="System.Int32">0</_size>
					<_version type="System.Int32">0</_version>
				</aspNetDevServers>
				<dataAccessMethod type="Microsoft.VisualStudio.TestTools.UnitTesting.DataAccessMethod, Microsoft.VisualStudio.QualityTools.UnitTestFramework, Version=8.0.0.0, Culture=neutral, PublicKeyToken=b03f5f7f11d50a3a">
					<value__ type="System.Int32">0</value__>
				</dataAccessMethod>
				<cssProjectStructure type="System.String" />
				<isRunOnRestart type="System.Boolean">False</isRunOnRestart>
				<timeOut type="System.Int32">0</timeOut>
				<isGroupable type="System.Boolean">True</isGroupable>
				<abortRunOnAgentFailure type="System.Boolean">False</abortRunOnAgentFailure>
				<cssIteration type="System.String" />
				<workItemIds type="System.Collections.Generic.List`1[[System.Int32, mscorlib, Version=2.0.0.0, Culture=neutral, PublicKeyToken=b77a5c561934e089]]">
					<_size type="System.Int32">0</_size>
					<_version type="System.Int32">1</_version>
				</workItemIds>
				<id type="Microsoft.VisualStudio.TestTools.Common.TestId">
					<id type="System.Guid">d2a5e70b-1caf-07ea-8e8b-12690cc08b9c</id>
				</id>
				<name type="System.String">FillTest</name>
				<description type="System.String" />
				<enabled type="System.Boolean">True</enabled>
				<owner type="System.String" />
				<priority type="System.Int32">0</priority>
				<executionId type="Microsoft.VisualStudio.TestTools.Common.TestExecId">
					<id type="System.Guid">00000000-0000-0000-0000-000000000000</id>
				</executionId>
				<parentExecutId type="Microsoft.VisualStudio.TestTools.Common.TestExecId">
					<id type="System.Guid">00000000-0000-0000-0000-000000000000</id>
				</parentExecutId>
				<deploymentItems type="Microsoft.VisualStudio.TestTools.Common.DeploymentItemCollection" />
				<agentAttributes type="System.Collections.Specialized.StringDictionary, System, Version=2.0.0.0, Culture=neutral, PublicKeyToken=b77a5c561934e089" />
				<storage type="System.String">d:\rido\ridospikes\ridowebsolution\ridoweb.test\bin\debug\ridoweb.test.dll</storage>
				<projectData type="Microsoft.VisualStudio.TestTools.Common.ProjectData">
					<id type="System.Guid">03f1114c-4f9f-4d20-a454-1497efd4e79c</id>
					<projectName type="System.String">RidoWeb.Test</projectName>
					<solutionName type="System.String">RidoWebSolution</solutionName>
					<projectRelativePath type="System.String">RidoWeb.Test\RidoWeb.Test.csproj</projectRelativePath>
				</projectData>
				<m_nonRunnableReason type="System.String" />
			</value>
		</tests>
		<categories type="System.Collections.Hashtable">
			<key type="Microsoft.VisualStudio.TestTools.Common.TestCategoryId">
				<id type="System.Guid">46c1f637-04c5-46da-a951-545d62706907</id>
			</key>
			<value type="Microsoft.VisualStudio.TestTools.Common.TestCategory">
				<id type="Microsoft.VisualStudio.TestTools.Common.TestCategoryId">
					<id type="System.Guid">46c1f637-04c5-46da-a951-545d62706907</id>
				</id>
				<name type="System.String">M0Tests</name>
				<description type="System.String">Pruebas montando VSTS</description>
				<enabled type="System.Boolean">True</enabled>
				<parentCategoryId type="Microsoft.VisualStudio.TestTools.Common.TestCategoryId">
					<id type="System.Guid">8c43106b-9dc1-4907-a29f-aa66a61bf5b6</id>
				</parentCategoryId>
				<testLinks type="System.Collections.Hashtable">
					<key type="System.Guid">5a123751-40f8-6169-880d-d20f36ee9202</key>
					<value type="Microsoft.VisualStudio.TestTools.Common.Link">
						<id type="System.Guid">5a123751-40f8-6169-880d-d20f36ee9202</id>
						<name type="System.String">UpdateTest</name>
						<storage type="System.String">d:\rido\ridospikes\ridowebsolution\ridoweb.test\bin\debug\ridoweb.test.dll</storage>
						<type type="System.Type, mscorlib">Microsoft.VisualStudio.TestTools.TestTypes.Unit.UnitTestElement, Microsoft.VisualStudio.QualityTools.Tips.UnitTest.ObjectModel, Version=8.0.0.0, Culture=neutral, PublicKeyToken=b03f5f7f11d50a3a</type>
						<enabled type="System.Boolean">True</enabled>
					</value>
					<key type="System.Guid">0d06ff68-6f84-5b6f-cd5b-3a5e9ae6a819</key>
					<value type="Microsoft.VisualStudio.TestTools.Common.Link">
						<id type="System.Guid">0d06ff68-6f84-5b6f-cd5b-3a5e9ae6a819</id>
						<name type="System.String">GetDataTest</name>
						<storage type="System.String">d:\rido\ridospikes\ridowebsolution\ridoweb.test\bin\debug\ridoweb.test.dll</storage>
						<type type="System.Type, mscorlib">Microsoft.VisualStudio.TestTools.TestTypes.Unit.UnitTestElement, Microsoft.VisualStudio.QualityTools.Tips.UnitTest.ObjectModel, Version=8.0.0.0, Culture=neutral, PublicKeyToken=b03f5f7f11d50a3a</type>
						<enabled type="System.Boolean">True</enabled>
					</value>
					<key type="System.Guid">d2a5e70b-1caf-07ea-8e8b-12690cc08b9c</key>
					<value type="Microsoft.VisualStudio.TestTools.Common.Link">
						<id type="System.Guid">d2a5e70b-1caf-07ea-8e8b-12690cc08b9c</id>
						<name type="System.String">FillTest</name>
						<storage type="System.String">d:\rido\ridospikes\ridowebsolution\ridoweb.test\bin\debug\ridoweb.test.dll</storage>
						<type type="System.Type, mscorlib">Microsoft.VisualStudio.TestTools.TestTypes.Unit.UnitTestElement, Microsoft.VisualStudio.QualityTools.Tips.UnitTest.ObjectModel, Version=8.0.0.0, Culture=neutral, PublicKeyToken=b03f5f7f11d50a3a</type>
						<enabled type="System.Boolean">True</enabled>
					</value>
				</testLinks>
			</value>
			<key type="Microsoft.VisualStudio.TestTools.Common.TestCategoryId">
				<id type="System.Guid">19431567-8539-422a-85d7-44ee4e166bda</id>
			</key>
			<value type="Microsoft.VisualStudio.TestTools.Common.TestCategory">
				<id type="Microsoft.VisualStudio.TestTools.Common.TestCategoryId">
					<id type="System.Guid">19431567-8539-422a-85d7-44ee4e166bda</id>
				</id>
				<name type="System.String">All Loaded Results</name>
				<description type="System.String" />
				<enabled type="System.Boolean">True</enabled>
				<parentCategoryId type="Microsoft.VisualStudio.TestTools.Common.TestCategoryId">
					<id type="System.Guid">00000000-0000-0000-0000-000000000000</id>
				</parentCategoryId>
			</value>
			<key type="Microsoft.VisualStudio.TestTools.Common.TestCategoryId">
				<id type="System.Guid">8c43106b-9dc1-4907-a29f-aa66a61bf5b6</id>
			</key>
			<value type="Microsoft.VisualStudio.TestTools.Common.TestCategory">
				<id type="Microsoft.VisualStudio.TestTools.Common.TestCategoryId">
					<id type="System.Guid">8c43106b-9dc1-4907-a29f-aa66a61bf5b6</id>
				</id>
				<name type="System.String">Lists of Results</name>
				<description type="System.String" />
				<enabled type="System.Boolean">True</enabled>
				<parentCategoryId type="Microsoft.VisualStudio.TestTools.Common.TestCategoryId">
					<id type="System.Guid">00000000-0000-0000-0000-000000000000</id>
				</parentCategoryId>
			</value>
		</categories>
		<entries type="Microsoft.VisualStudio.TestTools.Common.TestEntry[]">
			<element type="Microsoft.VisualStudio.TestTools.Common.TestEntry">
				<m_testId type="Microsoft.VisualStudio.TestTools.Common.TestId">
					<id type="System.Guid">5a123751-40f8-6169-880d-d20f36ee9202</id>
				</m_testId>
				<m_execId type="Microsoft.VisualStudio.TestTools.Common.TestExecId">
					<id type="System.Guid">3bc58dd9-7579-4fd0-a3c0-a71d2b461188</id>
				</m_execId>
				<m_parentExecId type="Microsoft.VisualStudio.TestTools.Common.TestExecId">
					<id type="System.Guid">00000000-0000-0000-0000-000000000000</id>
				</m_parentExecId>
				<m_categoryId type="Microsoft.VisualStudio.TestTools.Common.TestCategoryId">
					<id type="System.Guid">46c1f637-04c5-46da-a951-545d62706907</id>
				</m_categoryId>
				<m_isTransparent type="System.Boolean">True</m_isTransparent>
			</element>
			<element type="Microsoft.VisualStudio.TestTools.Common.TestEntry">
				<m_testId type="Microsoft.VisualStudio.TestTools.Common.TestId">
					<id type="System.Guid">0d06ff68-6f84-5b6f-cd5b-3a5e9ae6a819</id>
				</m_testId>
				<m_execId type="Microsoft.VisualStudio.TestTools.Common.TestExecId">
					<id type="System.Guid">3c2bb1f4-12a0-4e48-8980-5320e687f475</id>
				</m_execId>
				<m_parentExecId type="Microsoft.VisualStudio.TestTools.Common.TestExecId">
					<id type="System.Guid">00000000-0000-0000-0000-000000000000</id>
				</m_parentExecId>
				<m_categoryId type="Microsoft.VisualStudio.TestTools.Common.TestCategoryId">
					<id type="System.Guid">46c1f637-04c5-46da-a951-545d62706907</id>
				</m_categoryId>
				<m_isTransparent type="System.Boolean">True</m_isTransparent>
			</element>
			<element type="Microsoft.VisualStudio.TestTools.Common.TestEntry">
				<m_testId type="Microsoft.VisualStudio.TestTools.Common.TestId">
					<id type="System.Guid">d2a5e70b-1caf-07ea-8e8b-12690cc08b9c</id>
				</m_testId>
				<m_execId type="Microsoft.VisualStudio.TestTools.Common.TestExecId">
					<id type="System.Guid">f529c56f-0c6d-429d-b3b5-7bae73f286b4</id>
				</m_execId>
				<m_parentExecId type="Microsoft.VisualStudio.TestTools.Common.TestExecId">
					<id type="System.Guid">00000000-0000-0000-0000-000000000000</id>
				</m_parentExecId>
				<m_categoryId type="Microsoft.VisualStudio.TestTools.Common.TestCategoryId">
					<id type="System.Guid">46c1f637-04c5-46da-a951-545d62706907</id>
				</m_categoryId>
				<m_isTransparent type="System.Boolean">True</m_isTransparent>
			</element>
		</entries>
	</TestRun>
	<UnitTestResult type="Microsoft.VisualStudio.TestTools.TestTypes.Unit.UnitTestResult, Microsoft.VisualStudio.QualityTools.Tips.UnitTest.ObjectModel, Version=8.0.0.0, Culture=neutral, PublicKeyToken=b03f5f7f11d50a3a">
		<resultType type="Microsoft.VisualStudio.TestTools.TestTypes.Unit.UnitTestResultType, Microsoft.VisualStudio.QualityTools.Tips.UnitTest.ObjectModel, Version=8.0.0.0, Culture=neutral, PublicKeyToken=b03f5f7f11d50a3a">
			<value__ type="System.Int32">0</value__>
		</resultType>
		<m_hasSufficientAccess type="System.Boolean">True</m_hasSufficientAccess>
		<counters type="Microsoft.VisualStudio.TestTools.Common.TestResultCounter">
			<values type="System.Int32">0,0,0,0,0,0,0,0,0,0,0,0,0,0</values>
			<total type="System.Int32">1</total>
		</counters>
		<categoryId type="Microsoft.VisualStudio.TestTools.Common.TestCategoryId">
			<id type="System.Guid">46c1f637-04c5-46da-a951-545d62706907</id>
		</categoryId>
		<outcome type="Microsoft.VisualStudio.TestTools.Common.TestOutcome">
			<value__ type="System.Int32">1</value__>
		</outcome>
		<errorInfo type="Microsoft.VisualStudio.TestTools.Common.TestResultErrorInfo">
			<message type="System.String">
				Test method RidoWeb.Test.ArticleStatesTableAdapterTest.UpdateTest threw exception:  System.ArgumentNullException: Value cannot be null.
				Parameter name: dataTable.
			</message>
			<stackTrace type="System.String">
				at System.Data.Common.DbDataAdapter.Update(DataTable dataTable)
				at RidoWebDal.RidoArticlesDataSetTableAdapters.ArticleStatesTableAdapter.Update(ArticleStatesDataTable dataTable) in D:\rido\RidoSpikes\RidoWebSolution\RidoWebDal\RidoArticlesDataSet.Designer.cs:line 1394
				at RidoWeb.Test.ArticleStatesTableAdapterTest.UpdateTest() in D:\rido\RidoSpikes\RidoWebSolution\RidoWeb.Test\RidoArticlesDataSet.DesignerTest.cs:line 123
			</stackTrace>
		</errorInfo>
		<traceInfo type="Microsoft.VisualStudio.TestTools.Common.TestExecutionTraceInformation">
			<trace type="System.Text.StringBuilder">
				Creating instance of class RidoWeb.Test.ArticleStatesTableAdapterTest.
				Calling Test method RidoWeb.Test.ArticleStatesTableAdapterTest.Microsoft.VisualStudio.TestTools.TestTypes.Unit.TestMethod.
			</trace>
		</traceInfo>
		<stdout type="System.String" />
		<stderr type="System.String" />
		<debugTrace type="System.String" />
		<workItemIds type="System.Collections.Generic.List`1[[System.Int32, mscorlib, Version=2.0.0.0, Culture=neutral, PublicKeyToken=b77a5c561934e089]]">
			<_size type="System.Int32">0</_size>
			<_version type="System.Int32">1</_version>
		</workItemIds>
		<id type="Microsoft.VisualStudio.TestTools.Common.TestResultId">
			<runId type="System.Guid">c7c27749-4669-47e8-8203-a8ae8c83c4c4</runId>
			<executionId type="Microsoft.VisualStudio.TestTools.Common.TestExecId">
				<id type="System.Guid">3bc58dd9-7579-4fd0-a3c0-a71d2b461188</id>
			</executionId>
			<parentExecId type="Microsoft.VisualStudio.TestTools.Common.TestExecId">
				<id type="System.Guid">00000000-0000-0000-0000-000000000000</id>
			</parentExecId>
			<testId type="Microsoft.VisualStudio.TestTools.Common.TestId">
				<id type="System.Guid">5a123751-40f8-6169-880d-d20f36ee9202</id>
			</testId>
		</id>
		<testName type="System.String">UpdateTest</testName>
		<testType type="Microsoft.VisualStudio.TestTools.Common.TestType">
			<id type="System.Guid">13cdc9d9-ddb5-4fa4-a97d-d965ccfc6d4b</id>
		</testType>
		<messageKind type="Microsoft.VisualStudio.TestTools.Common.TestMessageKind">
			<value__ type="System.Int32">1</value__>
		</messageKind>
		<computerInfo type="Microsoft.VisualStudio.TestTools.Common.ComputerInfo">
			<m_computerName type="System.String">RIDOPC</m_computerName>
		</computerInfo>
		<duration type="System.TimeSpan">00:00:00.3922543</duration>
		<startTime type="System.DateTime">
			<dateData type="System.UInt64">632834564666971842</dateData>
		</startTime>
		<endTime type="System.DateTime">
			<dateData type="System.UInt64">632834564679473522</dateData>
		</endTime>
		<spoolMessage type="System.Boolean">True</spoolMessage>
	</UnitTestResult>
	<UnitTestResult type="Microsoft.VisualStudio.TestTools.TestTypes.Unit.UnitTestResult, Microsoft.VisualStudio.QualityTools.Tips.UnitTest.ObjectModel, Version=8.0.0.0, Culture=neutral, PublicKeyToken=b03f5f7f11d50a3a">
		<resultType type="Microsoft.VisualStudio.TestTools.TestTypes.Unit.UnitTestResultType, Microsoft.VisualStudio.QualityTools.Tips.UnitTest.ObjectModel, Version=8.0.0.0, Culture=neutral, PublicKeyToken=b03f5f7f11d50a3a">
			<value__ type="System.Int32">0</value__>
		</resultType>
		<m_hasSufficientAccess type="System.Boolean">True</m_hasSufficientAccess>
		<counters type="Microsoft.VisualStudio.TestTools.Common.TestResultCounter">
			<values type="System.Int32">0,0,0,0,0,0,0,0,0,0,0,0,0,0</values>
			<total type="System.Int32">1</total>
		</counters>
		<categoryId type="Microsoft.VisualStudio.TestTools.Common.TestCategoryId">
			<id type="System.Guid">46c1f637-04c5-46da-a951-545d62706907</id>
		</categoryId>
		<outcome type="Microsoft.VisualStudio.TestTools.Common.TestOutcome">
			<value__ type="System.Int32">1</value__>
		</outcome>
		<errorInfo type="Microsoft.VisualStudio.TestTools.Common.TestResultErrorInfo">
			<message type="System.String">Assert.AreEqual failed. Expected:&lt;3&gt;, Actual:&lt;4&gt;. RidoWebDal.RidoArticlesDataSetTableAdapters.ArticleStatesTableAdapter.GetData did not return the expected value.</message>
			<stackTrace type="System.String">
				at RidoWeb.Test.ArticleStatesTableAdapterTest.GetDataTest() in D:\rido\RidoSpikes\RidoWebSolution\RidoWeb.Test\RidoArticlesDataSet.DesignerTest.cs:line 105
			</stackTrace>
		</errorInfo>
		<traceInfo type="Microsoft.VisualStudio.TestTools.Common.TestExecutionTraceInformation">
			<trace type="System.Text.StringBuilder">
				Creating instance of class RidoWeb.Test.ArticleStatesTableAdapterTest.
				Calling Test method RidoWeb.Test.ArticleStatesTableAdapterTest.Microsoft.VisualStudio.TestTools.TestTypes.Unit.TestMethod.
			</trace>
		</traceInfo>
		<stdout type="System.String" />
		<stderr type="System.String" />
		<debugTrace type="System.String" />
		<workItemIds type="System.Collections.Generic.List`1[[System.Int32, mscorlib, Version=2.0.0.0, Culture=neutral, PublicKeyToken=b77a5c561934e089]]">
			<_size type="System.Int32">0</_size>
			<_version type="System.Int32">1</_version>
		</workItemIds>
		<id type="Microsoft.VisualStudio.TestTools.Common.TestResultId">
			<runId type="System.Guid">c7c27749-4669-47e8-8203-a8ae8c83c4c4</runId>
			<executionId type="Microsoft.VisualStudio.TestTools.Common.TestExecId">
				<id type="System.Guid">3c2bb1f4-12a0-4e48-8980-5320e687f475</id>
			</executionId>
			<parentExecId type="Microsoft.VisualStudio.TestTools.Common.TestExecId">
				<id type="System.Guid">00000000-0000-0000-0000-000000000000</id>
			</parentExecId>
			<testId type="Microsoft.VisualStudio.TestTools.Common.TestId">
				<id type="System.Guid">0d06ff68-6f84-5b6f-cd5b-3a5e9ae6a819</id>
			</testId>
		</id>
		<testName type="System.String">GetDataTest</testName>
		<testType type="Microsoft.VisualStudio.TestTools.Common.TestType">
			<id type="System.Guid">13cdc9d9-ddb5-4fa4-a97d-d965ccfc6d4b</id>
		</testType>
		<messageKind type="Microsoft.VisualStudio.TestTools.Common.TestMessageKind">
			<value__ type="System.Int32">1</value__>
		</messageKind>
		<computerInfo type="Microsoft.VisualStudio.TestTools.Common.ComputerInfo">
			<m_computerName type="System.String">RIDOPC</m_computerName>
		</computerInfo>
		<duration type="System.TimeSpan">00:00:01.0374178</duration>
		<startTime type="System.DateTime">
			<dateData type="System.UInt64">632834564679942335</dateData>
		</startTime>
		<endTime type="System.DateTime">
			<dateData type="System.UInt64">632834564690881305</dateData>
		</endTime>
		<spoolMessage type="System.Boolean">True</spoolMessage>
	</UnitTestResult>
	<UnitTestResult type="Microsoft.VisualStudio.TestTools.TestTypes.Unit.UnitTestResult, Microsoft.VisualStudio.QualityTools.Tips.UnitTest.ObjectModel, Version=8.0.0.0, Culture=neutral, PublicKeyToken=b03f5f7f11d50a3a">
		<resultType type="Microsoft.VisualStudio.TestTools.TestTypes.Unit.UnitTestResultType, Microsoft.VisualStudio.QualityTools.Tips.UnitTest.ObjectModel, Version=8.0.0.0, Culture=neutral, PublicKeyToken=b03f5f7f11d50a3a">
			<value__ type="System.Int32">0</value__>
		</resultType>
		<m_hasSufficientAccess type="System.Boolean">True</m_hasSufficientAccess>
		<counters type="Microsoft.VisualStudio.TestTools.Common.TestResultCounter">
			<values type="System.Int32">0,0,0,0,0,0,0,0,0,0,0,0,0,0</values>
			<total type="System.Int32">1</total>
		</counters>
		<categoryId type="Microsoft.VisualStudio.TestTools.Common.TestCategoryId">
			<id type="System.Guid">46c1f637-04c5-46da-a951-545d62706907</id>
		</categoryId>
		<outcome type="Microsoft.VisualStudio.TestTools.Common.TestOutcome">
			<value__ type="System.Int32">10</value__>
		</outcome>
		<traceInfo type="Microsoft.VisualStudio.TestTools.Common.TestExecutionTraceInformation">
			<trace type="System.Text.StringBuilder">
				Creating instance of class RidoWeb.Test.ArticleStatesTableAdapterTest.
				Calling Test method RidoWeb.Test.ArticleStatesTableAdapterTest.Microsoft.VisualStudio.TestTools.TestTypes.Unit.TestMethod.
			</trace>
		</traceInfo>
		<stdout type="System.String">
			&lt;DocumentElement&gt;
			&lt;ArticleStates&gt;
			&lt;ArticleStateCode&gt;CL&lt;/ArticleStateCode&gt;
			&lt;ArticleSate&gt;Cancelado &lt;/ArticleSate&gt;
			&lt;/ArticleStates&gt;
			&lt;ArticleStates&gt;
			&lt;ArticleStateCode&gt;DF&lt;/ArticleStateCode&gt;
			&lt;ArticleSate&gt;Draft     &lt;/ArticleSate&gt;
			&lt;/ArticleStates&gt;
			&lt;ArticleStates&gt;
			&lt;ArticleStateCode&gt;OK&lt;/ArticleStateCode&gt;
			&lt;ArticleSate&gt;Publicado &lt;/ArticleSate&gt;
			&lt;/ArticleStates&gt;
			&lt;ArticleStates&gt;
			&lt;ArticleStateCode&gt;PP&lt;/ArticleStateCode&gt;
			&lt;ArticleSate&gt;PePe      &lt;/ArticleSate&gt;
			&lt;/ArticleStates&gt;
			&lt;/DocumentElement&gt;
		</stdout>
		<stderr type="System.String" />
		<debugTrace type="System.String" />
		<workItemIds type="System.Collections.Generic.List`1[[System.Int32, mscorlib, Version=2.0.0.0, Culture=neutral, PublicKeyToken=b77a5c561934e089]]">
			<_size type="System.Int32">0</_size>
			<_version type="System.Int32">1</_version>
		</workItemIds>
		<id type="Microsoft.VisualStudio.TestTools.Common.TestResultId">
			<runId type="System.Guid">c7c27749-4669-47e8-8203-a8ae8c83c4c4</runId>
			<executionId type="Microsoft.VisualStudio.TestTools.Common.TestExecId">
				<id type="System.Guid">f529c56f-0c6d-429d-b3b5-7bae73f286b4</id>
			</executionId>
			<parentExecId type="Microsoft.VisualStudio.TestTools.Common.TestExecId">
				<id type="System.Guid">00000000-0000-0000-0000-000000000000</id>
			</parentExecId>
			<testId type="Microsoft.VisualStudio.TestTools.Common.TestId">
				<id type="System.Guid">d2a5e70b-1caf-07ea-8e8b-12690cc08b9c</id>
			</testId>
		</id>
		<testName type="System.String">FillTest</testName>
		<testType type="Microsoft.VisualStudio.TestTools.Common.TestType">
			<id type="System.Guid">13cdc9d9-ddb5-4fa4-a97d-d965ccfc6d4b</id>
		</testType>
		<messageKind type="Microsoft.VisualStudio.TestTools.Common.TestMessageKind">
			<value__ type="System.Int32">1</value__>
		</messageKind>
		<computerInfo type="Microsoft.VisualStudio.TestTools.Common.ComputerInfo">
			<m_computerName type="System.String">RIDOPC</m_computerName>
		</computerInfo>
		<duration type="System.TimeSpan">00:00:00.0552061</duration>
		<startTime type="System.DateTime">
			<dateData type="System.UInt64">632834564690881305</dateData>
		</startTime>
		<endTime type="System.DateTime">
			<dateData type="System.UInt64">632834564692131473</dateData>
		</endTime>
		<spoolMessage type="System.Boolean">True</spoolMessage>
	</UnitTestResult>
</Tests>